<?xml version="1.0" encoding="utf-8"?><testsuites name="pytest tests"><testsuite name="pytest" errors="0" failures="0" skipped="0" tests="0" time="0.837" timestamp="2026-08-04T16:57:48.361860+05:30" hostname="DESKTOP-7FSM6EH" /></testsuites>